[13-08-2026 11:21:46] (MSG: 0001): update_nav.php executed successfully.
[13-08-2026 11:22:34] (MSG: 0001): update_nav.php executed successfully.
[13-08-2026 11:23:03] (MSG: 0001): update_nav.php executed successfully.
[13-08-2026 11:23:21] (MSG: 0001): update_nav.php executed successfully.
[13-08-2026 11:23:27] (MSG: 0001): update_nav.php executed successfully.
[13-08-2026 11:24:31] (MSG: 0001): update_nav.php executed successfully.
[13-08-2026 11:24:53] (MSG: 0001): update_nav.php executed successfully.
[13-08-2026 11:24:58] (MSG: 0001): update_nav.php executed successfully.
[13-08-2026 11:26:00] (MSG: 0001): update_nav.php executed successfully.
[13-08-2026 11:28:43] (MSG: 0001): update_nav.php executed successfully.
[13-08-2026 11:29:10] (MSG: 0001): update_nav.php executed successfully.
[13-08-2026 11:30:45] (MSG: 0001): update_nav.php executed successfully.
[13-08-2026 11:33:02] (MSG: 0001): update_nav.php executed successfully.
[13-08-2026 11:34:08] (MSG: 0001): update_nav.php executed successfully.
[13-08-2026 11:34:50] (MSG: 0001): update_nav.php executed successfully.
[13-08-2026 12:23:25] (MSG: 0001): update_nav.php executed successfully.
[13-08-2026 12:26:04] (MSG: 0001): update_nav.php executed successfully.
[13-08-2026 12:27:15] (MSG: 0001): update_nav.php executed successfully.
[13-08-2026 12:44:19] (MSG: 0001): update_nav.php executed successfully.
[13-08-2026 12:56:11] (MSG: 0001): update_nav.php executed successfully.
[13-08-2026 14:08:37] (MSG: 0001): update_nav.php executed successfully.
[13-08-2026 18:30:18] (MSG: 0001): update_nav.php executed successfully.
[13-08-2026 18:30:24] (MSG: 0001): update_nav.php executed successfully.
[13-08-2026 18:40:26] (MSG: 0001): update_nav.php executed successfully.
[13-08-2026 20:10:25] (MSG: 0001): update_nav.php executed successfully.
[13-08-2026 20:14:33] (MSG: 0001): update_nav.php executed successfully.
(MSG: 0001): update_nav.php executed successfully.
[13-08-2026:31:49] (MSG: 0001): update_nav.php executed successfully.
[13-08-2026 20:33:13] (MSG: 0001): update_nav.php executed successfully.
[13-08-2026 20:45:27] update_nav.php(MSG: 0001): update_nav.php executed successfully.
[13-08-2026 20:45:33] update_nav.php(MSG: 0001): update_nav.php executed successfully.
[13-08-2026 21:15:45] update_nav.php (MSG: 0001): file executed successfully.
[13-08-2026 21:18:42] update_nav.php (MSG:0001): file executed successfully.
[13-08-2026 21:22:08] update_nav.php (MSG:0001): file executed successfully.
[13-08-2026 21:22:40] update_nav.php (MSG:0001): file executed successfully.
[13-08-2026 21:23:29] update_nav.php (MSG:0001): file executed successfully.
[14-08-2026 09:57:59] update_nav.php (MSG:0001): file executed successfully.
[14-08-2026 09:58:04] update_nav.php (MSG:0001): file executed successfully.
[22-08-2026 13:05:00] update_nav.php (MSG:0001): file executed successfully.
[22-08-2026 13:05:45] update_nav.php (MSG:0001): file executed successfully.
[22-08-2026 13:09:50] update_nav.php (MSG:0001): file executed successfully.
[22-08-2026 13:39:14] update_nav.php (MSG:0001): file executed successfully.
[22-08-2026 13:40:11] update_nav.php (MSG:0001): file executed successfully.
[22-08-2026 13:40:40] update_nav.php (MSG:0001): file executed successfully.
[22-08-2026 13:44:07] update_nav.php (MSG:0001): file executed successfully.
[22-08-2026 13:49:13] update_nav.php (MSG:0001): file executed successfully.
[22-08-2026 13:55:08] update_nav.php (MSG:0001): file executed successfully.
[24-08-2026 13:32:00] update_nav.php (MSG:0001): file executed successfully.
[27-08-2026 10:56:11] update_nav.php (MSG:0001): file executed successfully.
[27-08-2026 11:08:10] update_nav.php (MSG:0001): file executed successfully.
[01-09-2026 05:52:18] update_nav.php (MSG:0001): file executed successfully.
[03-09-2026 00:10:11] update_nav.php (MSG:0001): file executed successfully.
[03-09-2026 06:10:11] update_nav.php (MSG:0001): file executed successfully.
[03-09-2026 06:14:10] update_nav.php (MSG:0001): file executed successfully.
[03-09-2026 06:17:39] update_nav.php (MSG:0001): file executed successfully.
[03-09-2026 06:31:23] update_nav.php (MSG:0001): file executed successfully.
[03-09-2026 06:35:10] update_nav.php (MSG:0001): file executed successfully.
[03-09-2026 06:36:34] update_nav.php (MSG:0001): file executed successfully.
[03-09-2026 06:46:11] update_nav.php (MSG:0001): file executed successfully.
[04-09-2026 04:30:10] update_nav.php (MSG:0001): file executed successfully.
[04-09-2026 06:46:25] update_nav.php (MSG:0001): file executed successfully.
[04-09-2026 06:51:29] update_nav.php (MSG:0001): file executed successfully.
[04-09-2026 06:56:07] update_nav.php (MSG:0001): file executed successfully.
[04-09-2026 06:56:32] update_nav.php (MSG:0001): file executed successfully.
[05-09-2026 08:15:39] update_nav.php (MSG:0001): file executed successfully.
[05-09-2026 08:16:54] update_nav.php (MSG:0001): file executed successfully.
[05-09-2026 08:17:40] update_nav.php (MSG:0001): file executed successfully.
[05-09-2026 08:24:39] update_nav.php (MSG:0001): file executed successfully.
[05-09-2026 08:24:39] update_nav.php (MSG:0001): CSV file note updated
[05-09-2026 08:29:52] update_nav.php (MSG:0001): file executed successfully.
[05-09-2026 08:30:53] update_nav.php (MSG:0001): file executed successfully.
[05-09-2026 08:31:36] update_nav.php (MSG:0001): file executed successfully.
[05-09-2026 08:32:34] update_nav.php (MSG:0001): file executed successfully.
[05-09-2026 08:34:39] update_nav.php (MSG:0001): file executed successfully.
[05-09-2026 08:37:48] update_nav.php (MSG:0001): file executed successfully.
[05-09-2026 08:38:40] update_nav.php (MSG:0001): file executed successfully.
[05-09-2026 08:39:15] update_nav.php (MSG:0001): file executed successfully.
[05-09-2026 08:40:49] update_nav.php (MSG:0001): file executed successfully.
[05-09-2026 08:42:05] update_nav.php (MSG:0001): file executed successfully.
[05-09-2026 08:55:29] update_nav.php (MSG:0001): file executed successfully.
[05-09-2026 09:13:47] update_nav.php (MSG:0001): file executed successfully.
[05-09-2026 09:21:46] update_nav.php (MSG:0001): file executed successfully.
